The provided execution plan contains the following changes.

Changes to Resources:

  - null_resource.cluster = {
      - id = "6911000251306642708"
      - triggers = {
          - secret = "very very secure"
        }
    }

